Ôû▓ Next.js 16.1.6 (Turbopack)
- Environments: .env.local

  Creating an optimized production build ...
Ô£ô Compiled successfully in 14.4s
  Running TypeScript ...
  Collecting page data using 7 workers ...
  Generating static pages using 7 workers (0/57) ...
  Generating static pages using 7 workers (14/57) 
  Generating static pages using 7 workers (28/57) 
  Generating static pages using 7 workers (42/57) 
Ô£ô Generating static pages using 7 workers (57/57) in 1043.8ms
  Finalizing page optimization ...

Route (app)
Ôöî Ôùï /
Ôö£ Ôùï /_not-found
Ôö£ Ôùï /admin/configuracoes
Ôö£ Ôùï /admin/live
Ôö£ Ôùï /admin/sync
Ôö£ Ôùï /admin/vendas
Ôö£ ãÆ /api/admin/settings
Ôö£ ãÆ /api/admin/sync-cards
Ôö£ ãÆ /api/admin/sync-cards/delete
Ôö£ ãÆ /api/admin/sync-cards/stats
Ôö£ ãÆ /api/admin/sync-cards/synced-sets
Ôö£ ãÆ /api/admin/sync-market-prices
Ôö£ ãÆ /api/admin/sync-market-prices/stats
Ôö£ ãÆ /api/creditos/depositar
Ôö£ ãÆ /api/creditos/preference
Ôö£ ãÆ /api/creditos/reembolsar
Ôö£ ãÆ /api/cron/sync-prices
Ôö£ ãÆ /api/estoque
Ôö£ ãÆ /api/leilao/finalizar
Ôö£ ãÆ /api/leilao/notificacoes
Ôö£ ãÆ /api/live/finalizar
Ôö£ ãÆ /api/pagamento/cartao
Ôö£ ãÆ /api/pagamento/customer
Ôö£ ãÆ /api/pagamento/pix
Ôö£ ãÆ /api/pagamento/preference
Ôö£ ãÆ /api/pagamento/reembolso
Ôö£ ãÆ /api/pagamento/status
Ôö£ ãÆ /api/prices/fetch
Ôö£ ãÆ /api/prices/history
Ôö£ ãÆ /api/prices/search
Ôö£ ãÆ /api/prices/summary
Ôö£ ãÆ /api/shipping
Ôö£ ãÆ /api/user/inventory
Ôö£ ãÆ /api/user/inventory/sync
Ôö£ ãÆ /api/webhook/mercadopago
Ôö£ Ôùï /auth/callback
Ôö£ Ôùï /auth/login
Ôö£ Ôùï /auth/register
Ôö£ Ôùï /auth/verify-email
Ôö£ Ôùï /estoque
Ôö£ Ôùï /estoque/novo
Ôö£ Ôùï /grading
Ôö£ Ôùï /leilao
Ôö£ ãÆ /leilao/[id]
Ôö£ ãÆ /leilao/checkout/[id]
Ôö£ Ôùï /leilao/criar
Ôö£ ãÆ /live/[id]
Ôö£ Ôùï /lives
Ôö£ Ôùï /marketplace
Ôö£ ãÆ /marketplace/card/[id]
Ôö£ Ôùï /membro
Ôö£ Ôùï /minha-conta
Ôö£ Ôùï /minha-conta/arremates
Ôö£ Ôùï /minha-conta/creditos
Ôö£ Ôùï /minha-conta/dados
Ôö£ Ôùï /minha-conta/enderecos
Ôö£ Ôùï /minha-conta/inventario
Ôö£ ãÆ /minha-conta/inventario/[id]
Ôö£ Ôùï /minha-conta/inventario/novo
Ôö£ Ôùï /minha-conta/pedidos
Ôö£ ãÆ /minha-conta/pedidos/[id]
Ôö£ Ôùï /minha-conta/perfil
Ôö£ Ôùï /pagamento
Ôö£ ãÆ /perfil/[id]
Ôö£ Ôùï /privacidade
Ôöö Ôùï /suporte


Ôùï  (Static)   prerendered as static content
ãÆ  (Dynamic)  server-rendered on demand

